---
source: crates/tinymist-query/src/analysis.rs
expression: "snap.join(\"\\n\")"
input_file: crates/tinymist-query/src/fixtures/docs/param_in_init.typ
---
= docstings
